(@list (@list '符号符号算式 'abc (@list '作源码位置 "*" (@list '作源码区间 (@list '作源码坐标 0 0 0) (@list '作源码坐标 3 0 3)))))
(@list (@list '符号符号算式 '-sphere (@list '作源码位置 "*" (@list '作源码区间 (@list '作源码坐标 0 0 0) (@list '作源码坐标 7 0 7)))))
(@list (@list '符号符号算式 '3-sphere (@list '作源码位置 "*" (@list '作源码区间 (@list '作源码坐标 0 0 0) (@list '作源码坐标 8 0 8)))))
(@list (@list '符号符号算式 '3f2c1 (@list '作源码位置 "*" (@list '作源码区间 (@list '作源码坐标 0 0 0) (@list '作源码坐标 5 0 5)))))
(@list (@list '符号符号算式 '3f2c1a8d/builtin/int-add (@list '作源码位置 "*" (@list '作源码区间 (@list '作源码坐标 0 0 0) (@list '作源码坐标 24 0 24)))))
(@list (@list '整数符号算式 1 (@list '作源码位置 "*" (@list '作源码区间 (@list '作源码坐标 0 0 0) (@list '作源码坐标 1 0 1)))))
(@list (@list '整数符号算式 0 (@list '作源码位置 "*" (@list '作源码区间 (@list '作源码坐标 0 0 0) (@list '作源码坐标 1 0 1)))))
(@list (@list '整数符号算式 -1 (@list '作源码位置 "*" (@list '作源码区间 (@list '作源码坐标 0 0 0) (@list '作源码坐标 2 0 2)))))
(@list (@list '浮点符号算式 0.0 (@list '作源码位置 "*" (@list '作源码区间 (@list '作源码坐标 0 0 0) (@list '作源码坐标 3 0 3)))))
(@list (@list '浮点符号算式 3.139999999999997 (@list '作源码位置 "*" (@list '作源码区间 (@list '作源码坐标 0 0 0) (@list '作源码坐标 4 0 4)))))
(@list (@list '列表符号算式 (@list) (@list '作源码位置 "*" (@list '作源码区间 (@list '作源码坐标 0 0 0) (@list '作源码坐标 2 0 2)))))
(@list (@list '列表符号算式 (@list (@list '符号符号算式 'a (@list '作源码位置 "*" (@list '作源码区间 (@list '作源码坐标 1 0 1) (@list '作源码坐标 2 0 2)))) (@list '符号符号算式 'b (@list '作源码位置 "*" (@list '作源码区间 (@list '作源码坐标 3 0 3) (@list '作源码坐标 4 0 4)))) (@list '符号符号算式 'c (@list '作源码位置 "*" (@list '作源码区间 (@list '作源码坐标 5 0 5) (@list '作源码坐标 6 0 6))))) (@list '作源码位置 "*" (@list '作源码区间 (@list '作源码坐标 0 0 0) (@list '作源码坐标 7 0 7)))))
(@list (@list '列表符号算式 (@list (@list '符号符号算式 'a (@list '作源码位置 "*" (@list '作源码区间 (@list '作源码坐标 1 0 1) (@list '作源码坐标 2 0 2)))) (@list '列表符号算式 (@list (@list '符号符号算式 'b (@list '作源码位置 "*" (@list '作源码区间 (@list '作源码坐标 4 0 4) (@list '作源码坐标 5 0 5))))) (@list '作源码位置 "*" (@list '作源码区间 (@list '作源码坐标 3 0 3) (@list '作源码坐标 6 0 6)))) (@list '符号符号算式 'c (@list '作源码位置 "*" (@list '作源码区间 (@list '作源码坐标 7 0 7) (@list '作源码坐标 8 0 8))))) (@list '作源码位置 "*" (@list '作源码区间 (@list '作源码坐标 0 0 0) (@list '作源码坐标 9 0 9)))))
(@list (@list '列表符号算式 (@list (@list '符号符号算式 ':x (@list '作源码位置 "*" (@list '作源码区间 (@list '作源码坐标 1 0 1) (@list '作源码坐标 3 0 3)))) (@list '整数符号算式 1 (@list '作源码位置 "*" (@list '作源码区间 (@list '作源码坐标 4 0 4) (@list '作源码坐标 5 0 5)))) (@list '符号符号算式 ':y (@list '作源码位置 "*" (@list '作源码区间 (@list '作源码坐标 6 0 6) (@list '作源码坐标 8 0 8)))) (@list '整数符号算式 2 (@list '作源码位置 "*" (@list '作源码区间 (@list '作源码坐标 9 0 9) (@list '作源码坐标 10 0 10))))) (@list '作源码位置 "*" (@list '作源码区间 (@list '作源码坐标 0 0 0) (@list '作源码坐标 11 0 11)))))
(@list (@list '列表符号算式 (@list (@list '符号符号算式 'a (@list '作源码位置 "*" (@list '作源码区间 (@list '作源码坐标 1 0 1) (@list '作源码坐标 2 0 2)))) (@list '符号符号算式 'b (@list '作源码位置 "*" (@list '作源码区间 (@list '作源码坐标 3 0 3) (@list '作源码坐标 4 0 4)))) (@list '符号符号算式 'c (@list '作源码位置 "*" (@list '作源码区间 (@list '作源码坐标 5 0 5) (@list '作源码坐标 6 0 6)))) (@list '符号符号算式 ':x (@list '作源码位置 "*" (@list '作源码区间 (@list '作源码坐标 7 0 7) (@list '作源码坐标 9 0 9)))) (@list '整数符号算式 1 (@list '作源码位置 "*" (@list '作源码区间 (@list '作源码坐标 10 0 10) (@list '作源码坐标 11 0 11)))) (@list '符号符号算式 ':y (@list '作源码位置 "*" (@list '作源码区间 (@list '作源码坐标 12 0 12) (@list '作源码坐标 14 0 14)))) (@list '整数符号算式 2 (@list '作源码位置 "*" (@list '作源码区间 (@list '作源码坐标 15 0 15) (@list '作源码坐标 16 0 16))))) (@list '作源码位置 "*" (@list '作源码区间 (@list '作源码坐标 0 0 0) (@list '作源码坐标 17 0 17)))))
(@list (@list '列表符号算式 (@list (@list '符号符号算式 '@方括号 #0=(@list '作源码位置 "*" (@list '作源码区间 (@list '作源码坐标 0 0 0) (@list '作源码坐标 2 0 2))))) #0#))
(@list (@list '列表符号算式 (@list (@list '符号符号算式 '@方括号 #0=(@list '作源码位置 "*" (@list '作源码区间 (@list '作源码坐标 0 0 0) (@list '作源码坐标 7 0 7)))) (@list '符号符号算式 'a (@list '作源码位置 "*" (@list '作源码区间 (@list '作源码坐标 1 0 1) (@list '作源码坐标 2 0 2)))) (@list '符号符号算式 'b (@list '作源码位置 "*" (@list '作源码区间 (@list '作源码坐标 3 0 3) (@list '作源码坐标 4 0 4)))) (@list '符号符号算式 'c (@list '作源码位置 "*" (@list '作源码区间 (@list '作源码坐标 5 0 5) (@list '作源码坐标 6 0 6))))) #0#))
(@list (@list '列表符号算式 (@list (@list '符号符号算式 '@花括号 #0=(@list '作源码位置 "*" (@list '作源码区间 (@list '作源码坐标 0 0 0) (@list '作源码坐标 2 0 2))))) #0#))
(@list (@list '列表符号算式 (@list (@list '符号符号算式 '@花括号 #0=(@list '作源码位置 "*" (@list '作源码区间 (@list '作源码坐标 0 0 0) (@list '作源码坐标 11 0 11)))) (@list '符号符号算式 ':x (@list '作源码位置 "*" (@list '作源码区间 (@list '作源码坐标 1 0 1) (@list '作源码坐标 3 0 3)))) (@list '整数符号算式 1 (@list '作源码位置 "*" (@list '作源码区间 (@list '作源码坐标 4 0 4) (@list '作源码坐标 5 0 5)))) (@list '符号符号算式 ':y (@list '作源码位置 "*" (@list '作源码区间 (@list '作源码坐标 6 0 6) (@list '作源码坐标 8 0 8)))) (@list '整数符号算式 2 (@list '作源码位置 "*" (@list '作源码区间 (@list '作源码坐标 9 0 9) (@list '作源码坐标 10 0 10))))) #0#))
(@list (@list '列表符号算式 (@list (@list '符号符号算式 '@引用 #0=(@list '作源码位置 "*" (@list '作源码区间 (@list '作源码坐标 0 0 0) (@list '作源码坐标 1 0 1)))) (@list '符号符号算式 'a (@list '作源码位置 "*" (@list '作源码区间 (@list '作源码坐标 1 0 1) (@list '作源码坐标 2 0 2))))) #0#))
(@list (@list '列表符号算式 (@list (@list '符号符号算式 '@引用 #0=(@list '作源码位置 "*" (@list '作源码区间 (@list '作源码坐标 0 0 0) (@list '作源码坐标 1 0 1)))) (@list '列表符号算式 (@list (@list '符号符号算式 'a (@list '作源码位置 "*" (@list '作源码区间 (@list '作源码坐标 2 0 2) (@list '作源码坐标 3 0 3))))) (@list '作源码位置 "*" (@list '作源码区间 (@list '作源码坐标 1 0 1) (@list '作源码坐标 4 0 4))))) #0#))
(@list (@list '列表符号算式 (@list (@list '符号符号算式 '@引用 #0=(@list '作源码位置 "*" (@list '作源码区间 (@list '作源码坐标 0 0 0) (@list '作源码坐标 1 0 1)))) (@list '列表符号算式 (@list (@list '符号符号算式 '#a (@list '作源码位置 "*" (@list '作源码区间 (@list '作源码坐标 2 0 2) (@list '作源码坐标 4 0 4))))) (@list '作源码位置 "*" (@list '作源码区间 (@list '作源码坐标 1 0 1) (@list '作源码坐标 5 0 5))))) #0#))
(@list (@list '列表符号算式 (@list (@list '符号符号算式 '@引用 #0=(@list '作源码位置 "*" (@list '作源码区间 (@list '作源码坐标 0 0 0) (@list '作源码坐标 1 0 1)))) (@list '列表符号算式 (@list (@list '符号符号算式 'a (@list '作源码位置 "*" (@list '作源码区间 (@list '作源码坐标 2 0 2) (@list '作源码坐标 3 0 3)))) (@list '符号符号算式 'b (@list '作源码位置 "*" (@list '作源码区间 (@list '作源码坐标 4 0 4) (@list '作源码坐标 5 0 5)))) (@list '符号符号算式 'c (@list '作源码位置 "*" (@list '作源码区间 (@list '作源码坐标 6 0 6) (@list '作源码坐标 7 0 7))))) (@list '作源码位置 "*" (@list '作源码区间 (@list '作源码坐标 1 0 1) (@list '作源码坐标 8 0 8))))) #0#))
(@list (@list '列表符号算式 (@list (@list '符号符号算式 '@去引用 #0=(@list '作源码位置 "*" (@list '作源码区间 (@list '作源码坐标 0 0 0) (@list '作源码坐标 1 0 1)))) (@list '列表符号算式 (@list (@list '符号符号算式 'a (@list '作源码位置 "*" (@list '作源码区间 (@list '作源码坐标 2 0 2) (@list '作源码坐标 3 0 3)))) (@list '符号符号算式 'b (@list '作源码位置 "*" (@list '作源码区间 (@list '作源码坐标 4 0 4) (@list '作源码坐标 5 0 5)))) (@list '符号符号算式 'c (@list '作源码位置 "*" (@list '作源码区间 (@list '作源码坐标 6 0 6) (@list '作源码坐标 7 0 7))))) (@list '作源码位置 "*" (@list '作源码区间 (@list '作源码坐标 1 0 1) (@list '作源码坐标 8 0 8))))) #0#))
(@list (@list '列表符号算式 (@list (@list '符号符号算式 '@半引用 #1=(@list '作源码位置 "*" (@list '作源码区间 (@list '作源码坐标 0 0 0) (@list '作源码坐标 1 0 1)))) (@list '列表符号算式 (@list (@list '符号符号算式 'a (@list '作源码位置 "*" (@list '作源码区间 (@list '作源码坐标 2 0 2) (@list '作源码坐标 3 0 3)))) (@list '列表符号算式 (@list (@list '符号符号算式 '@去引用 #0=(@list '作源码位置 "*" (@list '作源码区间 (@list '作源码坐标 4 0 4) (@list '作源码坐标 5 0 5)))) (@list '符号符号算式 'b (@list '作源码位置 "*" (@list '作源码区间 (@list '作源码坐标 5 0 5) (@list '作源码坐标 6 0 6))))) #0#) (@list '符号符号算式 'c (@list '作源码位置 "*" (@list '作源码区间 (@list '作源码坐标 7 0 7) (@list '作源码坐标 8 0 8))))) (@list '作源码位置 "*" (@list '作源码区间 (@list '作源码坐标 1 0 1) (@list '作源码坐标 9 0 9))))) #1#))
(@list (@list '列表符号算式 (@list (@list '符号符号算式 'f (@list '作源码位置 "*" (@list '作源码区间 (@list '作源码坐标 1 0 1) (@list '作源码坐标 2 0 2)))) (@list '列表符号算式 (@list (@list '符号符号算式 '@引用 #0=(@list '作源码位置 "*" (@list '作源码区间 (@list '作源码坐标 3 0 3) (@list '作源码坐标 4 0 4)))) (@list '符号符号算式 'a (@list '作源码位置 "*" (@list '作源码区间 (@list '作源码坐标 4 0 4) (@list '作源码坐标 5 0 5))))) #0#) (@list '符号符号算式 'x (@list '作源码位置 "*" (@list '作源码区间 (@list '作源码坐标 6 0 6) (@list '作源码坐标 7 0 7))))) (@list '作源码位置 "*" (@list '作源码区间 (@list '作源码坐标 0 0 0) (@list '作源码坐标 8 0 8)))))
